// Jest Snapshot v1, https://goo.gl/fbAQLP

exports[`MovieInfo Component matches snapshot 1`] = `
<DocumentFragment>
  <div>
    <span>
      <strong>
        Test Label: 
      </strong>
    </span>
    <span>
      Test Value
    </span>
  </div>
</DocumentFragment>
`;
